Archive member included because of file (symbol)

c:/winavr-20100110/bin/../lib/gcc/avr/4.3.3/avr5\libgcc.a(_exit.o)
                              c:/winavr-20100110/bin/../lib/gcc/avr/4.3.3/../../../../avr/lib/avr5/crtm32.o (exit)
c:/winavr-20100110/bin/../lib/gcc/avr/4.3.3/avr5\libgcc.a(_clear_bss.o)
                              ./MCAL/EXT_Int/Ext_Int.o (__do_clear_bss)

Memory Configuration

Name             Origin             Length             Attributes
text             0x00000000         0x00020000         xr
data             0x00800060         0x0000ffa0         rw !x
eeprom           0x00810000         0x00010000         rw !x
fuse             0x00820000         0x00000400         rw !x
lock             0x00830000         0x00000400         rw !x
signature        0x00840000         0x00000400         rw !x
*default*        0x00000000         0xffffffff

Linker script and memory map

LOAD c:/winavr-20100110/bin/../lib/gcc/avr/4.3.3/../../../../avr/lib/avr5/crtm32.o
LOAD ./Service/Delay.o
LOAD ./MCAL/EXT_Int/Ext_Int.o
LOAD ./MCAL/DIO/DIO_program.o
LOAD ./APP/main.o
LOAD c:/winavr-20100110/bin/../lib/gcc/avr/4.3.3/avr5\libgcc.a
LOAD c:/winavr-20100110/bin/../lib/gcc/avr/4.3.3/../../../../avr/lib/avr5\libc.a
LOAD c:/winavr-20100110/bin/../lib/gcc/avr/4.3.3/avr5\libgcc.a

.hash
 *(.hash)

.dynsym
 *(.dynsym)

.dynstr
 *(.dynstr)

.gnu.version
 *(.gnu.version)

.gnu.version_d
 *(.gnu.version_d)

.gnu.version_r
 *(.gnu.version_r)

.rel.init
 *(.rel.init)

.rela.init
 *(.rela.init)

.rel.text
 *(.rel.text)
 *(.rel.text.*)
 *(.rel.gnu.linkonce.t*)

.rela.text
 *(.rela.text)
 *(.rela.text.*)
 *(.rela.gnu.linkonce.t*)

.rel.fini
 *(.rel.fini)

.rela.fini
 *(.rela.fini)

.rel.rodata
 *(.rel.rodata)
 *(.rel.rodata.*)
 *(.rel.gnu.linkonce.r*)

.rela.rodata
 *(.rela.rodata)
 *(.rela.rodata.*)
 *(.rela.gnu.linkonce.r*)

.rel.data
 *(.rel.data)
 *(.rel.data.*)
 *(.rel.gnu.linkonce.d*)

.rela.data
 *(.rela.data)
 *(.rela.data.*)
 *(.rela.gnu.linkonce.d*)

.rel.ctors
 *(.rel.ctors)

.rela.ctors
 *(.rela.ctors)

.rel.dtors
 *(.rel.dtors)

.rela.dtors
 *(.rela.dtors)

.rel.got
 *(.rel.got)

.rela.got
 *(.rela.got)

.rel.bss
 *(.rel.bss)

.rela.bss
 *(.rela.bss)

.rel.plt
 *(.rel.plt)

.rela.plt
 *(.rela.plt)

.text           0x00000000      0xc66
 *(.vectors)
 .vectors       0x00000000       0x54 c:/winavr-20100110/bin/../lib/gcc/avr/4.3.3/../../../../avr/lib/avr5/crtm32.o
                0x00000000                __vectors
                0x00000000                __vector_default
 *(.vectors)
 *(.progmem.gcc*)
 *(.progmem*)
                0x00000054                . = ALIGN (0x2)
                0x00000054                __trampolines_start = .
 *(.trampolines)
 .trampolines   0x00000054        0x0 linker stubs
 *(.trampolines*)
                0x00000054                __trampolines_end = .
 *(.jumptables)
 *(.jumptables*)
 *(.lowtext)
 *(.lowtext*)
                0x00000054                __ctors_start = .
 *(.ctors)
                0x00000054                __ctors_end = .
                0x00000054                __dtors_start = .
 *(.dtors)
                0x00000054                __dtors_end = .
 SORT(*)(.ctors)
 SORT(*)(.dtors)
 *(.init0)
 .init0         0x00000054        0x0 c:/winavr-20100110/bin/../lib/gcc/avr/4.3.3/../../../../avr/lib/avr5/crtm32.o
                0x00000054                __init
 *(.init0)
 *(.init1)
 *(.init1)
 *(.init2)
 .init2         0x00000054        0xc c:/winavr-20100110/bin/../lib/gcc/avr/4.3.3/../../../../avr/lib/avr5/crtm32.o
 *(.init2)
 *(.init3)
 *(.init3)
 *(.init4)
 .init4         0x00000060       0x10 c:/winavr-20100110/bin/../lib/gcc/avr/4.3.3/avr5\libgcc.a(_clear_bss.o)
                0x00000060                __do_clear_bss
 *(.init4)
 *(.init5)
 *(.init5)
 *(.init6)
 *(.init6)
 *(.init7)
 *(.init7)
 *(.init8)
 *(.init8)
 *(.init9)
 .init9         0x00000070        0x8 c:/winavr-20100110/bin/../lib/gcc/avr/4.3.3/../../../../avr/lib/avr5/crtm32.o
 *(.init9)
 *(.text)
 .text          0x00000078        0x4 c:/winavr-20100110/bin/../lib/gcc/avr/4.3.3/../../../../avr/lib/avr5/crtm32.o
                0x00000078                __vector_12
                0x00000078                __bad_interrupt
                0x00000078                __vector_6
                0x00000078                __vector_11
                0x00000078                __vector_13
                0x00000078                __vector_17
                0x00000078                __vector_19
                0x00000078                __vector_7
                0x00000078                __vector_5
                0x00000078                __vector_4
                0x00000078                __vector_9
                0x00000078                __vector_15
                0x00000078                __vector_8
                0x00000078                __vector_14
                0x00000078                __vector_10
                0x00000078                __vector_16
                0x00000078                __vector_18
                0x00000078                __vector_20
 .text          0x0000007c        0x0 ./Service/Delay.o
 .text          0x0000007c        0x0 ./MCAL/EXT_Int/Ext_Int.o
 .text          0x0000007c        0x0 ./MCAL/DIO/DIO_program.o
 .text          0x0000007c        0x0 ./APP/main.o
 .text          0x0000007c        0x0 c:/winavr-20100110/bin/../lib/gcc/avr/4.3.3/avr5\libgcc.a(_exit.o)
 .text          0x0000007c        0x0 c:/winavr-20100110/bin/../lib/gcc/avr/4.3.3/avr5\libgcc.a(_clear_bss.o)
                0x0000007c                . = ALIGN (0x2)
 *(.text.*)
 .text.softwareDelayMs
                0x0000007c       0x6c ./Service/Delay.o
                0x0000007c                softwareDelayMs
 .text.GIE_INT_ENABLE
                0x000000e8       0x58 ./MCAL/EXT_Int/Ext_Int.o
                0x000000e8                GIE_INT_ENABLE
 .text.GENERAL_INT_CONTROL
                0x00000140      0x10c ./MCAL/EXT_Int/Ext_Int.o
                0x00000140                GENERAL_INT_CONTROL
 .text.EXT_INT_SENSE_CONTROL
                0x0000024c      0x140 ./MCAL/EXT_Int/Ext_Int.o
                0x0000024c                EXT_INT_SENSE_CONTROL
 .text.EXT_INT_CLEAR_FLAG
                0x0000038c       0x70 ./MCAL/EXT_Int/Ext_Int.o
                0x0000038c                EXT_INT_CLEAR_FLAG
 .text.INT0_Callback_Function
                0x000003fc       0x28 ./MCAL/EXT_Int/Ext_Int.o
                0x000003fc                INT0_Callback_Function
 .text.INT1_Callback_Function
                0x00000424       0x28 ./MCAL/EXT_Int/Ext_Int.o
                0x00000424                INT1_Callback_Function
 .text.__vector_2
                0x0000044c       0x5a ./MCAL/EXT_Int/Ext_Int.o
                0x0000044c                __vector_2
 .text.INT2_Callback_Function
                0x000004a6       0x28 ./MCAL/EXT_Int/Ext_Int.o
                0x000004a6                INT2_Callback_Function
 .text.__vector_3
                0x000004ce       0x5a ./MCAL/EXT_Int/Ext_Int.o
                0x000004ce                __vector_3
 .text.DIO_u8SetPinDirection
                0x00000528      0x224 ./MCAL/DIO/DIO_program.o
                0x00000528                DIO_u8SetPinDirection
 .text.DIO_u8SetPortDirection
                0x0000074c       0x90 ./MCAL/DIO/DIO_program.o
                0x0000074c                DIO_u8SetPortDirection
 .text.DIO_u8SetPinValue
                0x000007dc      0x224 ./MCAL/DIO/DIO_program.o
                0x000007dc                DIO_u8SetPinValue
 .text.DIO_u8SetPortValue
                0x00000a00       0x90 ./MCAL/DIO/DIO_program.o
                0x00000a00                DIO_u8SetPortValue
 .text.DIO_u8GetPinValue
                0x00000a90      0x130 ./MCAL/DIO/DIO_program.o
                0x00000a90                DIO_u8GetPinValue
 .text.main     0x00000bc0       0x48 ./APP/main.o
                0x00000bc0                main
 .text.__vector_1
                0x00000c08       0x5a ./APP/main.o
                0x00000c08                __vector_1
 .text.libgcc   0x00000c62        0x0 c:/winavr-20100110/bin/../lib/gcc/avr/4.3.3/avr5\libgcc.a(_exit.o)
 .text.libgcc   0x00000c62        0x0 c:/winavr-20100110/bin/../lib/gcc/avr/4.3.3/avr5\libgcc.a(_clear_bss.o)
                0x00000c62                . = ALIGN (0x2)
 *(.fini9)
 .fini9         0x00000c62        0x0 c:/winavr-20100110/bin/../lib/gcc/avr/4.3.3/avr5\libgcc.a(_exit.o)
                0x00000c62                exit
                0x00000c62                _exit
 *(.fini9)
 *(.fini8)
 *(.fini8)
 *(.fini7)
 *(.fini7)
 *(.fini6)
 *(.fini6)
 *(.fini5)
 *(.fini5)
 *(.fini4)
 *(.fini4)
 *(.fini3)
 *(.fini3)
 *(.fini2)
 *(.fini2)
 *(.fini1)
 *(.fini1)
 *(.fini0)
 .fini0         0x00000c62        0x4 c:/winavr-20100110/bin/../lib/gcc/avr/4.3.3/avr5\libgcc.a(_exit.o)
 *(.fini0)
                0x00000c66                _etext = .

.data           0x00800060        0x0 load address 0x00000c66
                0x00800060                PROVIDE (__data_start, .)
 *(.data)
 .data          0x00800060        0x0 c:/winavr-20100110/bin/../lib/gcc/avr/4.3.3/../../../../avr/lib/avr5/crtm32.o
 .data          0x00800060        0x0 ./Service/Delay.o
 .data          0x00800060        0x0 ./MCAL/EXT_Int/Ext_Int.o
 .data          0x00800060        0x0 ./MCAL/DIO/DIO_program.o
 .data          0x00800060        0x0 ./APP/main.o
 .data          0x00800060        0x0 c:/winavr-20100110/bin/../lib/gcc/avr/4.3.3/avr5\libgcc.a(_exit.o)
 .data          0x00800060        0x0 c:/winavr-20100110/bin/../lib/gcc/avr/4.3.3/avr5\libgcc.a(_clear_bss.o)
 *(.data*)
 *(.rodata)
 *(.rodata*)
 *(.gnu.linkonce.d*)
                0x00800060                . = ALIGN (0x2)
                0x00800060                _edata = .
                0x00800060                PROVIDE (__data_end, .)

.bss            0x00800060        0x6
                0x00800060                PROVIDE (__bss_start, .)
 *(.bss)
 .bss           0x00800060        0x0 c:/winavr-20100110/bin/../lib/gcc/avr/4.3.3/../../../../avr/lib/avr5/crtm32.o
 .bss           0x00800060        0x0 ./Service/Delay.o
 .bss           0x00800060        0x0 ./MCAL/EXT_Int/Ext_Int.o
 .bss           0x00800060        0x0 ./MCAL/DIO/DIO_program.o
 .bss           0x00800060        0x0 ./APP/main.o
 .bss           0x00800060        0x0 c:/winavr-20100110/bin/../lib/gcc/avr/4.3.3/avr5\libgcc.a(_exit.o)
 .bss           0x00800060        0x0 c:/winavr-20100110/bin/../lib/gcc/avr/4.3.3/avr5\libgcc.a(_clear_bss.o)
 *(.bss*)
 .bss.INT0_Func_Address
                0x00800060        0x2 ./MCAL/EXT_Int/Ext_Int.o
 .bss.INT1_Func_Address
                0x00800062        0x2 ./MCAL/EXT_Int/Ext_Int.o
 .bss.INT2_Func_Address
                0x00800064        0x2 ./MCAL/EXT_Int/Ext_Int.o
 *(COMMON)
                0x00800066                PROVIDE (__bss_end, .)
                0x00000c66                __data_load_start = LOADADDR (.data)
                0x00000c66                __data_load_end = (__data_load_start + SIZEOF (.data))

.noinit         0x00800066        0x0
                0x00800066                PROVIDE (__noinit_start, .)
 *(.noinit*)
                0x00800066                PROVIDE (__noinit_end, .)
                0x00800066                _end = .
                0x00800066                PROVIDE (__heap_start, .)

.eeprom         0x00810000        0x0
 *(.eeprom*)
                0x00810000                __eeprom_end = .

.fuse
 *(.fuse)
 *(.lfuse)
 *(.hfuse)
 *(.efuse)

.lock
 *(.lock*)

.signature
 *(.signature*)

.stab           0x00000000     0x10d4
 *(.stab)
 .stab          0x00000000      0x1f8 ./Service/Delay.o
 .stab          0x000001f8      0x564 ./MCAL/EXT_Int/Ext_Int.o
                                0x570 (size before relaxing)
 .stab          0x0000075c      0x6b4 ./MCAL/DIO/DIO_program.o
                                0x6c0 (size before relaxing)
 .stab          0x00000e10      0x2c4 ./APP/main.o
                                0x2d0 (size before relaxing)

.stabstr        0x00000000      0xb5c
 *(.stabstr)
 .stabstr       0x00000000      0xb5c ./Service/Delay.o

.stab.excl
 *(.stab.excl)

.stab.exclstr
 *(.stab.exclstr)

.stab.index
 *(.stab.index)

.stab.indexstr
 *(.stab.indexstr)

.comment
 *(.comment)

.debug
 *(.debug)

.line
 *(.line)

.debug_srcinfo
 *(.debug_srcinfo)

.debug_sfnames
 *(.debug_sfnames)

.debug_aranges
 *(.debug_aranges)

.debug_pubnames
 *(.debug_pubnames)

.debug_info
 *(.debug_info)
 *(.gnu.linkonce.wi.*)

.debug_abbrev
 *(.debug_abbrev)

.debug_line
 *(.debug_line)

.debug_frame
 *(.debug_frame)

.debug_str
 *(.debug_str)

.debug_loc
 *(.debug_loc)

.debug_macinfo
 *(.debug_macinfo)
OUTPUT(External_Intrupt.elf elf32-avr)
LOAD linker stubs
