Archive member included because of file (symbol)

c:/winavr-20100110/bin/../lib/gcc/avr/4.3.3/avr5\libgcc.a(_exit.o)
                              c:/winavr-20100110/bin/../lib/gcc/avr/4.3.3/../../../../avr/lib/avr5/crtm32.o (exit)
c:/winavr-20100110/bin/../lib/gcc/avr/4.3.3/avr5\libgcc.a(_clear_bss.o)
                              ./MCAL/Ext_Interrupt/Ext_Interrupt.o (__do_clear_bss)

Memory Configuration

Name             Origin             Length             Attributes
text             0x00000000         0x00020000         xr
data             0x00800060         0x0000ffa0         rw !x
eeprom           0x00810000         0x00010000         rw !x
fuse             0x00820000         0x00000400         rw !x
lock             0x00830000         0x00000400         rw !x
signature        0x00840000         0x00000400         rw !x
*default*        0x00000000         0xffffffff

Linker script and memory map

LOAD c:/winavr-20100110/bin/../lib/gcc/avr/4.3.3/../../../../avr/lib/avr5/crtm32.o
LOAD ./MCAL/UART/UART.o
LOAD ./MCAL/GPIO/GPIO.o
LOAD ./MCAL/Ext_Interrupt/Ext_Interrupt.o
LOAD ./MCAL/Dio/dio.o
LOAD c:/winavr-20100110/bin/../lib/gcc/avr/4.3.3/avr5\libgcc.a
LOAD c:/winavr-20100110/bin/../lib/gcc/avr/4.3.3/../../../../avr/lib/avr5\libc.a
LOAD c:/winavr-20100110/bin/../lib/gcc/avr/4.3.3/avr5\libgcc.a

.hash
 *(.hash)

.dynsym
 *(.dynsym)

.dynstr
 *(.dynstr)

.gnu.version
 *(.gnu.version)

.gnu.version_d
 *(.gnu.version_d)

.gnu.version_r
 *(.gnu.version_r)

.rel.init
 *(.rel.init)

.rela.init
 *(.rela.init)

.rel.text
 *(.rel.text)
 *(.rel.text.*)
 *(.rel.gnu.linkonce.t*)

.rela.text
 *(.rela.text)
 *(.rela.text.*)
 *(.rela.gnu.linkonce.t*)

.rel.fini
 *(.rel.fini)

.rela.fini
 *(.rela.fini)

.rel.rodata
 *(.rel.rodata)
 *(.rel.rodata.*)
 *(.rel.gnu.linkonce.r*)

.rela.rodata
 *(.rela.rodata)
 *(.rela.rodata.*)
 *(.rela.gnu.linkonce.r*)

.rel.data
 *(.rel.data)
 *(.rel.data.*)
 *(.rel.gnu.linkonce.d*)

.rela.data
 *(.rela.data)
 *(.rela.data.*)
 *(.rela.gnu.linkonce.d*)

.rel.ctors
 *(.rel.ctors)

.rela.ctors
 *(.rela.ctors)

.rel.dtors
 *(.rel.dtors)

.rela.dtors
 *(.rela.dtors)

.rel.got
 *(.rel.got)

.rela.got
 *(.rela.got)

.rel.bss
 *(.rel.bss)

.rela.bss
 *(.rela.bss)

.rel.plt
 *(.rel.plt)

.rela.plt
 *(.rela.plt)

.text           0x00000000      0xdb8
 *(.vectors)
 .vectors       0x00000000       0x54 c:/winavr-20100110/bin/../lib/gcc/avr/4.3.3/../../../../avr/lib/avr5/crtm32.o
                0x00000000                __vectors
                0x00000000                __vector_default
 *(.vectors)
 *(.progmem.gcc*)
 *(.progmem*)
                0x00000054                . = ALIGN (0x2)
                0x00000054                __trampolines_start = .
 *(.trampolines)
 .trampolines   0x00000054        0x0 linker stubs
 *(.trampolines*)
                0x00000054                __trampolines_end = .
 *(.jumptables)
 *(.jumptables*)
 *(.lowtext)
 *(.lowtext*)
                0x00000054                __ctors_start = .
 *(.ctors)
                0x00000054                __ctors_end = .
                0x00000054                __dtors_start = .
 *(.dtors)
                0x00000054                __dtors_end = .
 SORT(*)(.ctors)
 SORT(*)(.dtors)
 *(.init0)
 .init0         0x00000054        0x0 c:/winavr-20100110/bin/../lib/gcc/avr/4.3.3/../../../../avr/lib/avr5/crtm32.o
                0x00000054                __init
 *(.init0)
 *(.init1)
 *(.init1)
 *(.init2)
 .init2         0x00000054        0xc c:/winavr-20100110/bin/../lib/gcc/avr/4.3.3/../../../../avr/lib/avr5/crtm32.o
 *(.init2)
 *(.init3)
 *(.init3)
 *(.init4)
 .init4         0x00000060       0x10 c:/winavr-20100110/bin/../lib/gcc/avr/4.3.3/avr5\libgcc.a(_clear_bss.o)
                0x00000060                __do_clear_bss
 *(.init4)
 *(.init5)
 *(.init5)
 *(.init6)
 *(.init6)
 *(.init7)
 *(.init7)
 *(.init8)
 *(.init8)
 *(.init9)
 .init9         0x00000070        0x8 c:/winavr-20100110/bin/../lib/gcc/avr/4.3.3/../../../../avr/lib/avr5/crtm32.o
 *(.init9)
 *(.text)
 .text          0x00000078        0x4 c:/winavr-20100110/bin/../lib/gcc/avr/4.3.3/../../../../avr/lib/avr5/crtm32.o
                0x00000078                __vector_12
                0x00000078                __bad_interrupt
                0x00000078                __vector_6
                0x00000078                __vector_3
                0x00000078                __vector_11
                0x00000078                __vector_13
                0x00000078                __vector_17
                0x00000078                __vector_19
                0x00000078                __vector_7
                0x00000078                __vector_5
                0x00000078                __vector_4
                0x00000078                __vector_9
                0x00000078                __vector_15
                0x00000078                __vector_8
                0x00000078                __vector_14
                0x00000078                __vector_10
                0x00000078                __vector_16
                0x00000078                __vector_20
 .text          0x0000007c        0x0 ./MCAL/UART/UART.o
 .text          0x0000007c        0x0 ./MCAL/GPIO/GPIO.o
 .text          0x0000007c        0x0 ./MCAL/Ext_Interrupt/Ext_Interrupt.o
 .text          0x0000007c        0x0 ./MCAL/Dio/dio.o
 .text          0x0000007c        0x0 c:/winavr-20100110/bin/../lib/gcc/avr/4.3.3/avr5\libgcc.a(_exit.o)
 .text          0x0000007c        0x0 c:/winavr-20100110/bin/../lib/gcc/avr/4.3.3/avr5\libgcc.a(_clear_bss.o)
                0x0000007c                . = ALIGN (0x2)
 *(.text.*)
 .text.UART_init
                0x0000007c       0x5c ./MCAL/UART/UART.o
                0x0000007c                UART_init
 .text.UART_transmitChar
                0x000000d8       0x30 ./MCAL/UART/UART.o
                0x000000d8                UART_transmitChar
 .text.UART_receiveChar
                0x00000108       0x30 ./MCAL/UART/UART.o
                0x00000108                UART_receiveChar
 .text.GPIO_init
                0x00000138       0x4c ./MCAL/GPIO/GPIO.o
                0x00000138                GPIO_init
 .text.GPIO_setPinDirection
                0x00000184      0x25e ./MCAL/GPIO/GPIO.o
                0x00000184                GPIO_setPinDirection
 .text.GPIO_writePin
                0x000003e2      0x250 ./MCAL/GPIO/GPIO.o
                0x000003e2                GPIO_writePin
 .text.GPIO_togglePin
                0x00000632      0x116 ./MCAL/GPIO/GPIO.o
                0x00000632                GPIO_togglePin
 .text.GPIO_readPin
                0x00000748      0x11e ./MCAL/GPIO/GPIO.o
                0x00000748                GPIO_readPin
 .text.GPIO_enablePullup
                0x00000866      0x246 ./MCAL/GPIO/GPIO.o
                0x00000866                GPIO_enablePullup
 .text.__vector_1
                0x00000aac       0x5a ./MCAL/Ext_Interrupt/Ext_Interrupt.o
                0x00000aac                __vector_1
 .text.__vector_2
                0x00000b06       0x5a ./MCAL/Ext_Interrupt/Ext_Interrupt.o
                0x00000b06                __vector_2
 .text.__vector_18
                0x00000b60       0x5a ./MCAL/Ext_Interrupt/Ext_Interrupt.o
                0x00000b60                __vector_18
 .text.extInt0_init
                0x00000bba       0x8c ./MCAL/Ext_Interrupt/Ext_Interrupt.o
                0x00000bba                extInt0_init
 .text.extInt0_callback
                0x00000c46       0x26 ./MCAL/Ext_Interrupt/Ext_Interrupt.o
                0x00000c46                extInt0_callback
 .text.extInt1_init
                0x00000c6c       0x8c ./MCAL/Ext_Interrupt/Ext_Interrupt.o
                0x00000c6c                extInt1_init
 .text.extInt1_callback
                0x00000cf8       0x26 ./MCAL/Ext_Interrupt/Ext_Interrupt.o
                0x00000cf8                extInt1_callback
 .text.extInt2_init
                0x00000d1e       0x70 ./MCAL/Ext_Interrupt/Ext_Interrupt.o
                0x00000d1e                extInt2_init
 .text.extInt2_callback
                0x00000d8e       0x26 ./MCAL/Ext_Interrupt/Ext_Interrupt.o
                0x00000d8e                extInt2_callback
 .text.libgcc   0x00000db4        0x0 c:/winavr-20100110/bin/../lib/gcc/avr/4.3.3/avr5\libgcc.a(_exit.o)
 .text.libgcc   0x00000db4        0x0 c:/winavr-20100110/bin/../lib/gcc/avr/4.3.3/avr5\libgcc.a(_clear_bss.o)
                0x00000db4                . = ALIGN (0x2)
 *(.fini9)
 .fini9         0x00000db4        0x0 c:/winavr-20100110/bin/../lib/gcc/avr/4.3.3/avr5\libgcc.a(_exit.o)
                0x00000db4                exit
                0x00000db4                _exit
 *(.fini9)
 *(.fini8)
 *(.fini8)
 *(.fini7)
 *(.fini7)
 *(.fini6)
 *(.fini6)
 *(.fini5)
 *(.fini5)
 *(.fini4)
 *(.fini4)
 *(.fini3)
 *(.fini3)
 *(.fini2)
 *(.fini2)
 *(.fini1)
 *(.fini1)
 *(.fini0)
 .fini0         0x00000db4        0x4 c:/winavr-20100110/bin/../lib/gcc/avr/4.3.3/avr5\libgcc.a(_exit.o)
 *(.fini0)
                0x00000db8                _etext = .

.data           0x00800060        0x0 load address 0x00000db8
                0x00800060                PROVIDE (__data_start, .)
 *(.data)
 .data          0x00800060        0x0 c:/winavr-20100110/bin/../lib/gcc/avr/4.3.3/../../../../avr/lib/avr5/crtm32.o
 .data          0x00800060        0x0 ./MCAL/UART/UART.o
 .data          0x00800060        0x0 ./MCAL/GPIO/GPIO.o
 .data          0x00800060        0x0 ./MCAL/Ext_Interrupt/Ext_Interrupt.o
 .data          0x00800060        0x0 ./MCAL/Dio/dio.o
 .data          0x00800060        0x0 c:/winavr-20100110/bin/../lib/gcc/avr/4.3.3/avr5\libgcc.a(_exit.o)
 .data          0x00800060        0x0 c:/winavr-20100110/bin/../lib/gcc/avr/4.3.3/avr5\libgcc.a(_clear_bss.o)
 *(.data*)
 *(.rodata)
 *(.rodata*)
 *(.gnu.linkonce.d*)
                0x00800060                . = ALIGN (0x2)
                0x00800060                _edata = .
                0x00800060                PROVIDE (__data_end, .)

.bss            0x00800060        0x6
                0x00800060                PROVIDE (__bss_start, .)
 *(.bss)
 .bss           0x00800060        0x0 c:/winavr-20100110/bin/../lib/gcc/avr/4.3.3/../../../../avr/lib/avr5/crtm32.o
 .bss           0x00800060        0x0 ./MCAL/UART/UART.o
 .bss           0x00800060        0x0 ./MCAL/GPIO/GPIO.o
 .bss           0x00800060        0x0 ./MCAL/Ext_Interrupt/Ext_Interrupt.o
 .bss           0x00800060        0x0 ./MCAL/Dio/dio.o
 .bss           0x00800060        0x0 c:/winavr-20100110/bin/../lib/gcc/avr/4.3.3/avr5\libgcc.a(_exit.o)
 .bss           0x00800060        0x0 c:/winavr-20100110/bin/../lib/gcc/avr/4.3.3/avr5\libgcc.a(_clear_bss.o)
 *(.bss*)
 .bss.user_func0
                0x00800060        0x2 ./MCAL/Ext_Interrupt/Ext_Interrupt.o
 .bss.user_func1
                0x00800062        0x2 ./MCAL/Ext_Interrupt/Ext_Interrupt.o
 .bss.user_func2
                0x00800064        0x2 ./MCAL/Ext_Interrupt/Ext_Interrupt.o
 *(COMMON)
                0x00800066                PROVIDE (__bss_end, .)
                0x00000db8                __data_load_start = LOADADDR (.data)
                0x00000db8                __data_load_end = (__data_load_start + SIZEOF (.data))

.noinit         0x00800066        0x0
                0x00800066                PROVIDE (__noinit_start, .)
 *(.noinit*)
                0x00800066                PROVIDE (__noinit_end, .)
                0x00800066                _end = .
                0x00800066                PROVIDE (__heap_start, .)

.eeprom         0x00810000        0x0
 *(.eeprom*)
                0x00810000                __eeprom_end = .

.fuse
 *(.fuse)
 *(.lfuse)
 *(.hfuse)
 *(.efuse)

.lock
 *(.lock*)

.signature
 *(.signature*)

.stab           0x00000000      0xff0
 *(.stab)
 .stab          0x00000000      0x294 ./MCAL/UART/UART.o
 .stab          0x00000294      0x744 ./MCAL/GPIO/GPIO.o
                                0x750 (size before relaxing)
 .stab          0x000009d8      0x540 ./MCAL/Ext_Interrupt/Ext_Interrupt.o
                                0x54c (size before relaxing)
 .stab          0x00000f18       0xd8 ./MCAL/Dio/dio.o
                                 0xe4 (size before relaxing)

.stabstr        0x00000000      0x80c
 *(.stabstr)
 .stabstr       0x00000000      0x80c ./MCAL/UART/UART.o

.stab.excl
 *(.stab.excl)

.stab.exclstr
 *(.stab.exclstr)

.stab.index
 *(.stab.index)

.stab.indexstr
 *(.stab.indexstr)

.comment
 *(.comment)

.debug
 *(.debug)

.line
 *(.line)

.debug_srcinfo
 *(.debug_srcinfo)

.debug_sfnames
 *(.debug_sfnames)

.debug_aranges
 *(.debug_aranges)

.debug_pubnames
 *(.debug_pubnames)

.debug_info
 *(.debug_info)
 *(.gnu.linkonce.wi.*)

.debug_abbrev
 *(.debug_abbrev)

.debug_line
 *(.debug_line)

.debug_frame
 *(.debug_frame)

.debug_str
 *(.debug_str)

.debug_loc
 *(.debug_loc)

.debug_macinfo
 *(.debug_macinfo)
OUTPUT(Dio.elf elf32-avr)
LOAD linker stubs
